npm error Missing script: "test"
npm error
npm error To see a list of scripts, run:
npm error   npm run
npm error A complete log of this run can be found in: /tmp/npm-cache/_logs/2025-12-25T08_35_04_272Z-debug-0.log
